[2023-11-12 14:08:19,143: INFO: main: Welcome to our custom log.]
[2023-11-12 14:13:19,290: INFO: main: Welcome to our custom log.]
[2023-11-14 09:38:23,482: INFO: main: >>>>>> stage Data Ingestion stage started <<<<<<]
[2023-11-14 09:38:23,487: INFO: common: yaml file: config/config.yaml loaded successfully]
[2023-11-14 09:38:23,492: INFO: common: yaml file: params.yaml loaded successfully]
[2023-11-14 09:38:23,495: ERROR: main: yaml file is empty]
Traceback (most recent call last):
  File "/mnt/c/Users/vahid/Downloads/Kidney-Disease-Classification-MLflow-DVC/src/cnnClassifier/utils/common.py", line 33, in read_yaml
    return ConfigBox(content)
  File "box/box.py", line 259, in box.box.Box.__init__
box.exceptions.BoxValueError: First argument must be mapping or iterable

During handling of the above exception, another exception occurred:

Traceback (most recent call last):
  File "main.py", line 10, in <module>
    data_ingestion.main()
  File "/mnt/c/Users/vahid/Downloads/Kidney-Disease-Classification-MLflow-DVC/src/cnnClassifier/pipeline/stage_01_data_ingestion.py", line 13, in main
    config = ConfigurationManager()
  File "/mnt/c/Users/vahid/Downloads/Kidney-Disease-Classification-MLflow-DVC/src/cnnClassifier/config/configuration.py", line 17, in __init__
    self.params = read_yaml(params_filepath)
  File "/home/vahid/miniconda3/envs/kidney/lib/python3.8/site-packages/ensure/main.py", line 849, in __call__
    return_val = self.f(*args, **kwargs)
  File "/mnt/c/Users/vahid/Downloads/Kidney-Disease-Classification-MLflow-DVC/src/cnnClassifier/utils/common.py", line 35, in read_yaml
    raise ValueError("yaml file is empty")
ValueError: yaml file is empty
[2023-11-14 09:40:41,878: INFO: main: >>>>>> stage Data Ingestion stage started <<<<<<]
[2023-11-14 09:40:41,884: INFO: common: yaml file: config/config.yaml loaded successfully]
[2023-11-14 09:40:41,889: INFO: common: yaml file: params.yaml loaded successfully]
[2023-11-14 09:40:41,898: INFO: common: created directory at: artifacts]
[2023-11-14 09:40:41,905: INFO: common: created directory at: artifacts/data_ingestion]
[2023-11-14 09:40:41,907: INFO: data_ingestion: Downloading data from https://drive.google.com/file/d/190su2R9ED-uC4x5qgwaqAtSZk1qTEDzh/view?usp=sharing into file artifacts/data_ingestion/data.zip]
[2023-11-14 09:41:06,953: INFO: data_ingestion: Downloaded data from https://drive.google.com/file/d/190su2R9ED-uC4x5qgwaqAtSZk1qTEDzh/view?usp=sharing into file artifacts/data_ingestion/data.zip]
[2023-11-14 09:42:25,656: INFO: main: >>>>>> stage Data Ingestion stage completed <<<<<<

x==========x]
[2023-11-14 11:55:22,779: INFO: common: yaml file: config/config.yaml loaded successfully]
[2023-11-14 11:55:22,803: INFO: common: yaml file: params.yaml loaded successfully]
[2023-11-14 11:55:22,809: INFO: common: created directory at: artifacts]
[2023-11-14 13:09:49,882: INFO: common: yaml file: config/config.yaml loaded successfully]
[2023-11-14 13:09:49,928: INFO: common: yaml file: params.yaml loaded successfully]
[2023-11-14 13:09:49,937: INFO: common: created directory at: artifacts]
[2023-11-14 13:15:26,048: INFO: common: yaml file: config/config.yaml loaded successfully]
[2023-11-14 13:15:26,055: INFO: common: yaml file: params.yaml loaded successfully]
[2023-11-14 13:15:26,061: INFO: common: created directory at: artifacts]
[2023-11-14 13:19:20,331: INFO: common: yaml file: config/config.yaml loaded successfully]
[2023-11-14 13:19:20,338: INFO: common: yaml file: params.yaml loaded successfully]
[2023-11-14 13:19:20,343: INFO: common: created directory at: artifacts]
[2023-11-14 13:19:43,217: INFO: common: yaml file: config/config.yaml loaded successfully]
[2023-11-14 13:19:43,223: INFO: common: yaml file: params.yaml loaded successfully]
[2023-11-14 13:19:43,230: INFO: common: created directory at: artifacts]
[2023-11-14 13:25:16,324: INFO: common: yaml file: config/config.yaml loaded successfully]
[2023-11-14 13:25:16,330: INFO: common: yaml file: params.yaml loaded successfully]
[2023-11-14 13:25:16,336: INFO: common: created directory at: artifacts]
[2023-11-14 13:27:59,183: INFO: common: yaml file: config/config.yaml loaded successfully]
[2023-11-14 13:27:59,189: INFO: common: yaml file: params.yaml loaded successfully]
[2023-11-14 13:27:59,196: INFO: common: created directory at: artifacts]
[2023-11-14 13:27:59,202: INFO: common: created directory at: artifacts/prepare_base_model]
[2023-11-14 13:28:02,223: WARNING: saving_utils: Compiled the loaded model, but the compiled metrics have yet to be built. `model.compile_metrics` will be empty until you train or evaluate the model.]
[2023-11-14 13:33:15,379: INFO: main: >>>>>> stage Data Ingestion stage started <<<<<<]
[2023-11-14 13:33:15,382: INFO: common: yaml file: config/config.yaml loaded successfully]
[2023-11-14 13:33:15,385: INFO: common: yaml file: params.yaml loaded successfully]
[2023-11-14 13:33:15,388: INFO: common: created directory at: artifacts]
[2023-11-14 13:33:15,392: INFO: common: created directory at: artifacts/data_ingestion]
[2023-11-14 13:33:15,396: INFO: data_ingestion: Downloading data from https://drive.google.com/file/d/190su2R9ED-uC4x5qgwaqAtSZk1qTEDzh/view?usp=sharing into file artifacts/data_ingestion/data.zip]
[2023-11-14 13:33:41,826: INFO: data_ingestion: Downloaded data from https://drive.google.com/file/d/190su2R9ED-uC4x5qgwaqAtSZk1qTEDzh/view?usp=sharing into file artifacts/data_ingestion/data.zip]
[2023-11-14 13:35:58,108: INFO: main: >>>>>> stage Data Ingestion stage completed <<<<<<

x==========x]
[2023-11-14 13:35:58,109: INFO: main: *******************]
[2023-11-14 13:35:58,109: INFO: main: >>>>>> stage Prepare base model started <<<<<<]
[2023-11-14 13:35:58,115: INFO: common: yaml file: config/config.yaml loaded successfully]
[2023-11-14 13:35:58,119: INFO: common: yaml file: params.yaml loaded successfully]
[2023-11-14 13:35:58,124: INFO: common: created directory at: artifacts]
[2023-11-14 13:35:58,133: INFO: common: created directory at: artifacts/prepare_base_model]
[2023-11-14 13:35:58,550: WARNING: saving_utils: Compiled the loaded model, but the compiled metrics have yet to be built. `model.compile_metrics` will be empty until you train or evaluate the model.]
[2023-11-14 13:35:59,317: INFO: main: >>>>>> stage Prepare base model completed <<<<<<

x==========x]
[2023-11-14 13:57:22,366: INFO: common: yaml file: config/config.yaml loaded successfully]
[2023-11-14 13:57:22,375: INFO: common: yaml file: params.yaml loaded successfully]
[2023-11-14 13:57:22,381: INFO: common: created directory at: artifacts]
[2023-11-14 13:57:22,387: INFO: common: created directory at: artifacts/training]
[2023-11-14 14:21:05,831: INFO: main: >>>>>> stage Data Ingestion stage started <<<<<<]
[2023-11-14 14:21:05,838: INFO: common: yaml file: config/config.yaml loaded successfully]
[2023-11-14 14:21:05,846: INFO: common: yaml file: params.yaml loaded successfully]
[2023-11-14 14:21:05,852: INFO: common: created directory at: artifacts]
[2023-11-14 14:21:05,856: INFO: common: created directory at: artifacts/data_ingestion]
[2023-11-14 14:21:05,859: INFO: data_ingestion: Downloading data from https://drive.google.com/file/d/190su2R9ED-uC4x5qgwaqAtSZk1qTEDzh/view?usp=sharing into file artifacts/data_ingestion/data.zip]
[2023-11-14 14:22:02,147: INFO: data_ingestion: Downloaded data from https://drive.google.com/file/d/190su2R9ED-uC4x5qgwaqAtSZk1qTEDzh/view?usp=sharing into file artifacts/data_ingestion/data.zip]
[2023-11-14 14:24:35,583: INFO: main: >>>>>> stage Data Ingestion stage completed <<<<<<

x==========x]
[2023-11-14 14:24:35,584: INFO: main: *******************]
[2023-11-14 14:24:35,584: INFO: main: >>>>>> stage Prepare base model started <<<<<<]
[2023-11-14 14:24:35,587: INFO: common: yaml file: config/config.yaml loaded successfully]
[2023-11-14 14:24:35,592: INFO: common: yaml file: params.yaml loaded successfully]
[2023-11-14 14:24:35,596: INFO: common: created directory at: artifacts]
[2023-11-14 14:24:35,599: INFO: common: created directory at: artifacts/prepare_base_model]
[2023-11-14 14:24:37,089: WARNING: saving_utils: Compiled the loaded model, but the compiled metrics have yet to be built. `model.compile_metrics` will be empty until you train or evaluate the model.]
[2023-11-14 14:24:37,611: INFO: main: >>>>>> stage Prepare base model completed <<<<<<

x==========x]
[2023-11-14 14:24:37,611: INFO: main: *******************]
[2023-11-14 14:24:37,612: INFO: main: >>>>>> stage Training started <<<<<<]
[2023-11-14 14:24:37,619: INFO: common: yaml file: config/config.yaml loaded successfully]
[2023-11-14 14:24:37,633: INFO: common: yaml file: params.yaml loaded successfully]
[2023-11-14 14:24:37,637: INFO: common: created directory at: artifacts]
[2023-11-14 14:24:37,644: INFO: common: created directory at: artifacts/training]
[2023-11-14 14:37:01,752: INFO: main: >>>>>> stage Training completed <<<<<<

x==========x]
